]0;/home/wolass/Documents/elderly paper]0;wolass@wolass-XPS: ~/Documents/elderly paper[01;32mwolass@wolass-XPS[00m:[01;34m~/Documents/elderly paper[00m$ [K]0;wolass@wolass-XPS: ~/Documents/elderly paper[01;32mwolass@wolass-XPS[00m:[01;34m~/Documents/elderly paper[00m$ git status
fatal: not a git repository (or any parent up to mount point /home)
Stopping at filesystem boundary (GIT_DISCOVERY_ACROSS_FILESYSTEM not set).
]0;/home/wolass/Documents/elderly paper]0;wolass@wolass-XPS: ~/Documents/elderly paper[01;32mwolass@wolass-XPS[00m:[01;34m~/Documents/elderly paper[00m$ git init
Initialized empty Git repository in /home/wolass/Documents/elderly paper/.git/
]0;/home/wolass/Documents/elderly paper]0;wolass@wolass-XPS: ~/Documents/elderly paper[01;32mwolass@wolass-XPS[00m:[01;34m~/Documents/elderly paper[00m$ git add .
]0;/home/wolass/Documents/elderly paper]0;wolass@wolass-XPS: ~/Documents/elderly paper[01;32mwolass@wolass-XPS[00m:[01;34m~/Documents/elderly paper[00m$ git status
On branch master

No commits yet

Changes to be committed:
  (use "git rm --cached <file>..." to unstage)

	[32mnew file:   .RData[m
	[32mnew file:   .Rhistory[m
	[32mnew file:   .Rproj.user/190AF90D/build_options[m
	[32mnew file:   .Rproj.user/190AF90D/pcs/files-pane.pper[m
	[32mnew file:   .Rproj.user/190AF90D/pcs/source-pane.pper[m
	[32mnew file:   .Rproj.user/190AF90D/pcs/windowlayoutstate.pper[m
	[32mnew file:   .Rproj.user/190AF90D/pcs/workbench-pane.pper[m
	[32mnew file:   .Rproj.user/190AF90D/rmd-outputs[m
	[32mnew file:   .Rproj.user/190AF90D/saved_source_markers[m
	[32mnew file:   .Rproj.user/190AF90D/sdb/per/t/60CA46A7[m
	[32mnew file:   .Rproj.user/190AF90D/sdb/per/t/90610168[m
	[32mnew file:   .Rproj.user/190AF90D/sdb/per/t/A81FBB32[m
	[32mnew file:   .Rproj.user/190AF90D/sdb/per/t/AD844DB4[m
	[32mnew file:   .Rproj.user/190AF90D/sdb/per/t/CA5DA919[m
	[32mnew file:   .Rproj.user/190AF90D/sdb/per/t/EC787077[m
	[32mnew file:   .Rproj.user/190AF90D/sdb/prop/14868EA9[m
	[32mnew file:   .Rproj.user/190AF90D/sdb/prop/23CD17B2[m
	[32mnew file:   .Rproj.user/190AF90D/sdb/prop/39E3B966[m
	[32mnew file:   .Rproj.user/190AF90D/sdb/prop/754474C5[m
	[32mnew file:   .Rproj.user/190AF90D/sdb/prop/B2D34ED7[m
	[32mnew file:   .Rproj.user/190AF90D/sdb/prop/FCBC0680[m
	[32mnew file:   .Rproj.user/190AF90D/sdb/prop/INDEX[m
	[32mnew file:   .Rproj.user/190AF90D/session-persistent-state[m
	[32mnew file:   .Rproj.user/5DABF851/console06/871B648[m
	[32mnew file:   .Rproj.user/5DABF851/console06/INDEX001[m
	[32mnew file:   .Rproj.user/5DABF851/sources/s-6DD7FE34/lock_file[m
	[32mnew file:   .Rproj.user/shared/notebooks/100D14DF-Project/1/190AF90D/chunks.json[m
	[32mnew file:   .Rproj.user/shared/notebooks/100D14DF-Project/1/s/chunks.json[m
	[32mnew file:   .Rproj.user/shared/notebooks/105DEB0D-20160613/1/190AF90D/chunks.json[m
	[32mnew file:   .Rproj.user/shared/notebooks/105DEB0D-20160613/1/s/chunks.json[m
	[32mnew file:   .Rproj.user/shared/notebooks/FB4D3291-REsearch outcomes in derm/1/190AF90D/chunks.json[m
	[32mnew file:   .Rproj.user/shared/notebooks/FB4D3291-REsearch outcomes in derm/1/s/chunks.json[m
	[32mnew file:   .Rproj.user/shared/notebooks/patch-chunk-names[m
	[32mnew file:   .Rproj.user/shared/notebooks/paths[m
	[32mnew file:   .~lock.Elderly Paper 27-06-2017.xlsx#[m
	[32mnew file:   Elderly Paper 27-06-2017.xlsx[m
	[32mnew file:   "Fig and tables 27.06.2017 DRAFT f\303\203\302\274r Wojciech.docx"[m
	[32mnew file:   Gastro_symptoms.png[m
	[32mnew file:   Project.Rmd[m
	[32mnew file:   Project.docx[m
	[32mnew file:   Project.html[m
	[32mnew file:   elderly paper.Rproj[m
	[32mnew file:   skin.png[m
	[32mnew file:   version 1 _ 150617.docx[m

Changes not staged for commit:
  (use "git add <file>..." to update what will be committed)
  (use "git checkout -- <file>..." to discard changes in working directory)

	[31mmodified:   .Rproj.user/5DABF851/console06/871B648[m

]0;/home/wolass/Documents/elderly paper]0;wolass@wolass-XPS: ~/Documents/elderly paper[01;32mwolass@wolass-XPS[00m:[01;34m~/Documents/elderly paper[00m$ git ][K[K[K[K[K[K]0;wolass@wolass-XPS: ~/Documents/elderly paper[01;32mwolass@wolass-XPS[00m:[01;34m~/Documents/elderly paper[00m$ git status
On branch master

No commits yet

Changes to be committed:
  (use "git rm --cached <file>..." to unstage)

	[32mnew file:   .RData[m
	[32mnew file:   .Rhistory[m
	[32mnew file:   .Rproj.user/190AF90D/build_options[m
	[32mnew file:   .Rproj.user/190AF90D/pcs/files-pane.pper[m
	[32mnew file:   .Rproj.user/190AF90D/pcs/source-pane.pper[m
	[32mnew file:   .Rproj.user/190AF90D/pcs/windowlayoutstate.pper[m
	[32mnew file:   .Rproj.user/190AF90D/pcs/workbench-pane.pper[m
	[32mnew file:   .Rproj.user/190AF90D/rmd-outputs[m
	[32mnew file:   .Rproj.user/190AF90D/saved_source_markers[m
	[32mnew file:   .Rproj.user/190AF90D/sdb/per/t/60CA46A7[m
	[32mnew file:   .Rproj.user/190AF90D/sdb/per/t/90610168[m
	[32mnew file:   .Rproj.user/190AF90D/sdb/per/t/A81FBB32[m
	[32mnew file:   .Rproj.user/190AF90D/sdb/per/t/AD844DB4[m
	[32mnew file:   .Rproj.user/190AF90D/sdb/per/t/CA5DA919[m
	[32mnew file:   .Rproj.user/190AF90D/sdb/per/t/EC787077[m
	[32mnew file:   .Rproj.user/190AF90D/sdb/prop/14868EA9[m
	[32mnew file:   .Rproj.user/190AF90D/sdb/prop/23CD17B2[m
	[32mnew file:   .Rproj.user/190AF90D/sdb/prop/39E3B966[m
	[32mnew file:   .Rproj.user/190AF90D/sdb/prop/754474C5[m
	[32mnew file:   .Rproj.user/190AF90D/sdb/prop/B2D34ED7[m
	[32mnew file:   .Rproj.user/190AF90D/sdb/prop/FCBC0680[m
	[32mnew file:   .Rproj.user/190AF90D/sdb/prop/INDEX[m
	[32mnew file:   .Rproj.user/190AF90D/session-persistent-state[m
	[32mnew file:   .Rproj.user/5DABF851/console06/871B648[m
	[32mnew file:   .Rproj.user/5DABF851/console06/INDEX001[m
	[32mnew file:   .Rproj.user/5DABF851/sources/s-6DD7FE34/lock_file[m
	[32mnew file:   .Rproj.user/shared/notebooks/100D14DF-Project/1/190AF90D/chunks.json[m
	[32mnew file:   .Rproj.user/shared/notebooks/100D14DF-Project/1/s/chunks.json[m
	[32mnew file:   .Rproj.user/shared/notebooks/105DEB0D-20160613/1/190AF90D/chunks.json[m
	[32mnew file:   .Rproj.user/shared/notebooks/105DEB0D-20160613/1/s/chunks.json[m
	[32mnew file:   .Rproj.user/shared/notebooks/FB4D3291-REsearch outcomes in derm/1/190AF90D/chunks.json[m
	[32mnew file:   .Rproj.user/shared/notebooks/FB4D3291-REsearch outcomes in derm/1/s/chunks.json[m
	[32mnew file:   .Rproj.user/shared/notebooks/patch-chunk-names[m
	[32mnew file:   .Rproj.user/shared/notebooks/paths[m
	[32mnew file:   .~lock.Elderly Paper 27-06-2017.xlsx#[m
	[32mnew file:   Elderly Paper 27-06-2017.xlsx[m
	[32mnew file:   "Fig and tables 27.06.2017 DRAFT f\303\203\302\274r Wojciech.docx"[m
	[32mnew file:   Gastro_symptoms.png[m
	[32mnew file:   Project.Rmd[m
	[32mnew file:   Project.docx[m
	[32mnew file:   Project.html[m
	[32mnew file:   elderly paper.Rproj[m
	[32mnew file:   skin.png[m
	[32mnew file:   version 1 _ 150617.docx[m

Changes not staged for commit:
  (use "git add <file>..." to update what will be committed)
  (use "git checkout -- <file>..." to discard changes in working directory)

	[31mmodified:   .Rproj.user/5DABF851/console06/871B648[m
	[31mmodified:   .Rproj.user/5DABF851/console06/INDEX001[m
	[31mmodified:   .Rproj.user/shared/notebooks/paths[m

Untracked files:
  (use "git add <file>..." to include in what will be committed)

	[31m.Rproj.user/5DABF851/console06/871B648.env[m
	[31m.Rproj.user/5DABF851/sources/prop/[m
	[31m.Rproj.user/5DABF851/sources/s-6DD7FE34/7B3AEDE0[m
	[31m.Rproj.user/5DABF851/sources/s-6DD7FE34/7B3AEDE0-contents[m
	[31m.gitignore[m

]0;/home/wolass/Documents/elderly paper]0;wolass@wolass-XPS: ~/Documents/elderly paper[01;32mwolass@wolass-XPS[00m:[01;34m~/Documents/elderly paper[00m$ git remove -[K[K[K[K[K[K[K[K[K[K[K[Kgir [K[Kt reset
]0;/home/wolass/Documents/elderly paper]0;wolass@wolass-XPS: ~/Documents/elderly paper[01;32mwolass@wolass-XPS[00m:[01;34m~/Documents/elderly paper[00m$ git status
On branch master

No commits yet

Untracked files:
  (use "git add <file>..." to include in what will be committed)

	[31m.Rproj.user/[m
	[31m.gitignore[m
	[31m.~lock.Elderly Paper 27-06-2017.xlsx#[m
	[31mElderly Paper 27-06-2017.xlsx[m
	[31m"Fig and tables 27.06.2017 DRAFT f\303\203\302\274r Wojciech.docx"[m
	[31mProject.Rmd[m
	[31mProject.docx[m
	[31mProject.html[m
	[31melderly paper.Rproj[m
	[31mversion 1 _ 150617.docx[m

nothing added to commit but untracked files present (use "git add" to track)
]0;/home/wolass/Documents/elderly paper]0;wolass@wolass-XPS: ~/Documents/elderly paper[01;32mwolass@wolass-XPS[00m:[01;34m~/Documents/elderly paper[00m$ git add .
]0;/home/wolass/Documents/elderly paper]0;wolass@wolass-XPS: ~/Documents/elderly paper[01;32mwolass@wolass-XPS[00m:[01;34m~/Documents/elderly paper[00m$ git t[Kstatus
On branch master

No commits yet

Changes to be committed:
  (use "git rm --cached <file>..." to unstage)

	[32mnew file:   .Rproj.user/190AF90D/build_options[m
	[32mnew file:   .Rproj.user/190AF90D/pcs/files-pane.pper[m
	[32mnew file:   .Rproj.user/190AF90D/pcs/source-pane.pper[m
	[32mnew file:   .Rproj.user/190AF90D/pcs/windowlayoutstate.pper[m
	[32mnew file:   .Rproj.user/190AF90D/pcs/workbench-pane.pper[m
	[32mnew file:   .Rproj.user/190AF90D/rmd-outputs[m
	[32mnew file:   .Rproj.user/190AF90D/saved_source_markers[m
	[32mnew file:   .Rproj.user/190AF90D/sdb/per/t/60CA46A7[m
	[32mnew file:   .Rproj.user/190AF90D/sdb/per/t/90610168[m
	[32mnew file:   .Rproj.user/190AF90D/sdb/per/t/A81FBB32[m
	[32mnew file:   .Rproj.user/190AF90D/sdb/per/t/AD844DB4[m
	[32mnew file:   .Rproj.user/190AF90D/sdb/per/t/CA5DA919[m
	[32mnew file:   .Rproj.user/190AF90D/sdb/per/t/EC787077[m
	[32mnew file:   .Rproj.user/190AF90D/sdb/prop/14868EA9[m
	[32mnew file:   .Rproj.user/190AF90D/sdb/prop/23CD17B2[m
	[32mnew file:   .Rproj.user/190AF90D/sdb/prop/39E3B966[m
	[32mnew file:   .Rproj.user/190AF90D/sdb/prop/754474C5[m
	[32mnew file:   .Rproj.user/190AF90D/sdb/prop/B2D34ED7[m
	[32mnew file:   .Rproj.user/190AF90D/sdb/prop/FCBC0680[m
	[32mnew file:   .Rproj.user/190AF90D/sdb/prop/INDEX[m
	[32mnew file:   .Rproj.user/190AF90D/session-persistent-state[m
	[32mnew file:   .Rproj.user/5DABF851/console06/871B648[m
	[32mnew file:   .Rproj.user/5DABF851/console06/871B648.env[m
	[32mnew file:   .Rproj.user/5DABF851/console06/INDEX001[m
	[32mnew file:   .Rproj.user/5DABF851/sources/prop/78F1B6C7[m
	[32mnew file:   .Rproj.user/5DABF851/sources/prop/INDEX[m
	[32mnew file:   .Rproj.user/5DABF851/sources/s-6DD7FE34/7B3AEDE0[m
	[32mnew file:   .Rproj.user/5DABF851/sources/s-6DD7FE34/7B3AEDE0-contents[m
	[32mnew file:   .Rproj.user/5DABF851/sources/s-6DD7FE34/lock_file[m
	[32mnew file:   .Rproj.user/shared/notebooks/100D14DF-Project/1/190AF90D/chunks.json[m
	[32mnew file:   .Rproj.user/shared/notebooks/100D14DF-Project/1/s/chunks.json[m
	[32mnew file:   .Rproj.user/shared/notebooks/105DEB0D-20160613/1/190AF90D/chunks.json[m
	[32mnew file:   .Rproj.user/shared/notebooks/105DEB0D-20160613/1/s/chunks.json[m
	[32mnew file:   .Rproj.user/shared/notebooks/FB4D3291-REsearch outcomes in derm/1/190AF90D/chunks.json[m
	[32mnew file:   .Rproj.user/shared/notebooks/FB4D3291-REsearch outcomes in derm/1/s/chunks.json[m
	[32mnew file:   .Rproj.user/shared/notebooks/patch-chunk-names[m
	[32mnew file:   .Rproj.user/shared/notebooks/paths[m
	[32mnew file:   .gitignore[m
	[32mnew file:   .~lock.Elderly Paper 27-06-2017.xlsx#[m
	[32mnew file:   Elderly Paper 27-06-2017.xlsx[m
	[32mnew file:   "Fig and tables 27.06.2017 DRAFT f\303\203\302\274r Wojciech.docx"[m
	[32mnew file:   Project.Rmd[m
	[32mnew file:   Project.docx[m
	[32mnew file:   Project.html[m
	[32mnew file:   elderly paper.Rproj[m
	[32mnew file:   version 1 _ 150617.docx[m

Changes not staged for commit:
  (use "git add <file>..." to update what will be committed)
  (use "git checkout -- <file>..." to discard changes in working directory)

	[31mmodified:   .Rproj.user/5DABF851/console06/871B648[m

]0;/home/wolass/Documents/elderly paper]0;wolass@wolass-XPS: ~/Documents/elderly paper[01;32mwolass@wolass-XPS[00m:[01;34m~/Documents/elderly paper[00m$ git pu[K[Kg[Kcommit -m "old status"
[master (root-commit) 6febbc4] old status
 46 files changed, 1978 insertions(+)
 create mode 100644 .Rproj.user/190AF90D/build_options
 create mode 100644 .Rproj.user/190AF90D/pcs/files-pane.pper
 create mode 100644 .Rproj.user/190AF90D/pcs/source-pane.pper
 create mode 100644 .Rproj.user/190AF90D/pcs/windowlayoutstate.pper
 create mode 100644 .Rproj.user/190AF90D/pcs/workbench-pane.pper
 create mode 100644 .Rproj.user/190AF90D/rmd-outputs
 create mode 100644 .Rproj.user/190AF90D/saved_source_markers
 create mode 100644 .Rproj.user/190AF90D/sdb/per/t/60CA46A7
 create mode 100644 .Rproj.user/190AF90D/sdb/per/t/90610168
 create mode 100644 .Rproj.user/190AF90D/sdb/per/t/A81FBB32
 create mode 100644 .Rproj.user/190AF90D/sdb/per/t/AD844DB4
 create mode 100644 .Rproj.user/190AF90D/sdb/per/t/CA5DA919
 create mode 100644 .Rproj.user/190AF90D/sdb/per/t/EC787077
 create mode 100644 .Rproj.user/190AF90D/sdb/prop/14868EA9
 create mode 100644 .Rproj.user/190AF90D/sdb/prop/23CD17B2
 create mode 100644 .Rproj.user/190AF90D/sdb/prop/39E3B966
 create mode 100644 .Rproj.user/190AF90D/sdb/prop/754474C5
 create mode 100644 .Rproj.user/190AF90D/sdb/prop/B2D34ED7
 create mode 100644 .Rproj.user/190AF90D/sdb/prop/FCBC0680
 create mode 100644 .Rproj.user/190AF90D/sdb/prop/INDEX
 create mode 100644 .Rproj.user/190AF90D/session-persistent-state
 create mode 100644 .Rproj.user/5DABF851/console06/871B648
 create mode 100644 .Rproj.user/5DABF851/console06/871B648.env
 create mode 100644 .Rproj.user/5DABF851/console06/INDEX001
 create mode 100644 .Rproj.user/5DABF851/sources/prop/78F1B6C7
 create mode 100644 .Rproj.user/5DABF851/sources/prop/INDEX
 create mode 100644 .Rproj.user/5DABF851/sources/s-6DD7FE34/7B3AEDE0
 create mode 100644 .Rproj.user/5DABF851/sources/s-6DD7FE34/7B3AEDE0-contents
 create mode 100644 .Rproj.user/5DABF851/sources/s-6DD7FE34/lock_file
 create mode 100644 .Rproj.user/shared/notebooks/100D14DF-Project/1/190AF90D/chunks.json
 create mode 100644 .Rproj.user/shared/notebooks/100D14DF-Project/1/s/chunks.json
 create mode 100644 .Rproj.user/shared/notebooks/105DEB0D-20160613/1/190AF90D/chunks.json
 create mode 100644 .Rproj.user/shared/notebooks/105DEB0D-20160613/1/s/chunks.json
 create mode 100644 .Rproj.user/shared/notebooks/FB4D3291-REsearch outcomes in derm/1/190AF90D/chunks.json
 create mode 100644 .Rproj.user/shared/notebooks/FB4D3291-REsearch outcomes in derm/1/s/chunks.json
 create mode 100644 .Rproj.user/shared/notebooks/patch-chunk-names
 create mode 100644 .Rproj.user/shared/notebooks/paths
 create mode 100644 .gitignore
 create mode 100644 .~lock.Elderly Paper 27-06-2017.xlsx#
 create mode 100644 Elderly Paper 27-06-2017.xlsx
 create mode 100644 "Fig and tables 27.06.2017 DRAFT f\303\203\302\274r Wojciech.docx"
 create mode 100644 Project.Rmd
 create mode 100644 Project.docx
 create mode 100644 Project.html
 create mode 100644 elderly paper.Rproj
 create mode 100644 version 1 _ 150617.docx
]0;/home/wolass/Documents/elderly paper]0;wolass@wolass-XPS: ~/Documents/elderly paper[01;32mwolass@wolass-XPS[00m:[01;34m~/Documents/elderly paper[00m$ git a[Kpush origin master
fatal: 'origin' does not appear to be a git repository
fatal: Could not read from remote repository.

Please make sure you have the correct access rights
and the repository exists.
]0;/home/wolass/Documents/elderly paper]0;wolass@wolass-XPS: ~/Documents/elderly paper[01;32mwolass@wolass-XPS[00m:[01;34m~/Documents/elderly paper[00m$ git remote add
usage: git remote add [<options>] <name> <url>

    -f, --fetch           fetch the remote branches
    --tags                import all tags and associated objects when fetching
                          or do not fetch any tag at all (--no-tags)
    -t, --track <branch>  branch(es) to track
    -m, --master <branch>
                          master branch
    --mirror[=<push|fetch>]
                          set up remote as a mirror to push to or fetch from

]0;/home/wolass/Documents/elderly paper]0;wolass@wolass-XPS: ~/Documents/elderly paper[01;32mwolass@wolass-XPS[00m:[01;34m~/Documents/elderly paper[00m$ git [K[K[K[Kgit a[Kremote add git@github.com:wolass//Elderly-paper.gitogit@github.com:wolass//Elderly-paper.gitrgit@github.com:wolass//Elderly-paper.gitigit@github.com:wolass//Elderly-paper.git[Cgit@github.com:wolass//Elderly-paper.gitigit@github.com:wolass//Elderly-paper.gitngit@github.com:wolass//Elderly-paper.git git@github.com:wolass//Elderly-paper.git
]0;/home/wolass/Documents/elderly paper]0;wolass@wolass-XPS: ~/Documents/elderly paper[01;32mwolass@wolass-XPS[00m:[01;34m~/Documents/elderly paper[00m$ git push origin master
fatal: remote error: 
  wolass//Elderly-paper is not a valid repository name
  Email support@github.com for help
]0;/home/wolass/Documents/elderly paper]0;wolass@wolass-XPS: ~/Documents/elderly paper[01;32mwolass@wolass-XPS[00m:[01;34m~/Documents/elderly paper[00m$ git remot [Ke remove origin
]0;/home/wolass/Documents/elderly paper]0;wolass@wolass-XPS: ~/Documents/elderly paper[01;32mwolass@wolass-XPS[00m:[01;34m~/Documents/elderly paper[00m$ git remote remove origin[2Ppush origin masterremote add origin git@github.com:wolass//Elderly-paper.git[C[1PElderly-paper.git
]0;/home/wolass/Documents/elderly paper]0;wolass@wolass-XPS: ~/Documents/elderly paper[01;32mwolass@wolass-XPS[00m:[01;34m~/Documents/elderly paper[00m$ git remote add origin git@github.com:wolass/Elderly-paper.gitremove origin[K
]0;/home/wolass/Documents/elderly paper]0;wolass@wolass-XPS: ~/Documents/elderly paper[01;32mwolass@wolass-XPS[00m:[01;34m~/Documents/elderly paper[00m$ git remote remove originadd origin git@github.com:wolass/Elderly-paper.git
]0;/home/wolass/Documents/elderly paper]0;wolass@wolass-XPS: ~/Documents/elderly paper[01;32mwolass@wolass-XPS[00m:[01;34m~/Documents/elderly paper[00m$ git remote add origin git@github.com:wolass/Elderly-paper.gitremove origin[Kadd origin git@github.com:wolass/Elderly-paper.gitremove origin[Kadd origin git@github.com:wolass/Elderly-paper.gitremove origin[K[2Ppush origin master
Counting objects: 63, done.
Delta compression using up to 4 threads.
Compressing objects:   2% (1/48)   Compressing objects:   4% (2/48)   Compressing objects:   6% (3/48)   Compressing objects:   8% (4/48)   Compressing objects:  10% (5/48)   Compressing objects:  12% (6/48)   Compressing objects:  14% (7/48)   Compressing objects:  16% (8/48)   Compressing objects:  18% (9/48)   Compressing objects:  20% (10/48)   Compressing objects:  22% (11/48)   Compressing objects:  25% (12/48)   Compressing objects:  27% (13/48)   Compressing objects:  29% (14/48)   Compressing objects:  31% (15/48)   Compressing objects:  33% (16/48)   Compressing objects:  35% (17/48)   Compressing objects:  37% (18/48)   Compressing objects:  39% (19/48)   Compressing objects:  41% (20/48)   Compressing objects:  43% (21/48)   Compressing objects:  45% (22/48)   Compressing objects:  47% (23/48)   Compressing objects:  50% (24/48)   Compressing objects:  52% (25/48)   Compressing objects:  54% (26/48)   Compressing objects:  56% (27/48)   Compressing objects:  58% (28/48)   Compressing objects:  60% (29/48)   Compressing objects:  62% (30/48)   Compressing objects:  64% (31/48)   Compressing objects:  66% (32/48)   Compressing objects:  68% (33/48)   Compressing objects:  70% (34/48)   Compressing objects:  72% (35/48)   Compressing objects:  75% (36/48)   Compressing objects:  77% (37/48)   Compressing objects:  79% (38/48)   Compressing objects:  81% (39/48)   Compressing objects:  83% (40/48)   Compressing objects:  85% (41/48)   Compressing objects:  87% (42/48)   Compressing objects:  89% (43/48)   Compressing objects:  91% (44/48)   Compressing objects:  93% (45/48)   Compressing objects:  95% (46/48)   Compressing objects:  97% (47/48)   Compressing objects: 100% (48/48)   Compressing objects: 100% (48/48), done.
Writing objects:   1% (1/63)   Writing objects:   3% (2/63)   Writing objects:   4% (3/63)   Writing objects:   6% (4/63)   Writing objects:   7% (5/63)   Writing objects:   9% (6/63)   Writing objects:  11% (7/63)   Writing objects:  12% (8/63)   Writing objects:  14% (9/63)   Writing objects:  15% (10/63)   Writing objects:  17% (11/63)   Writing objects:  19% (12/63)   Writing objects:  20% (13/63)   Writing objects:  22% (14/63)   Writing objects:  23% (15/63)   Writing objects:  26% (17/63)   Writing objects:  28% (18/63)   Writing objects:  30% (19/63)   Writing objects:  31% (20/63)   Writing objects:  33% (21/63)   Writing objects:  34% (22/63)   Writing objects:  36% (23/63)   Writing objects:  38% (24/63)   Writing objects:  39% (25/63)   Writing objects:  41% (26/63)   Writing objects:  42% (27/63)   Writing objects:  44% (28/63)   Writing objects:  46% (29/63)   Writing objects:  47% (30/63)   Writing objects:  49% (31/63)   Writing objects:  50% (32/63)   Writing objects:  52% (33/63)   Writing objects:  53% (34/63)   Writing objects:  55% (35/63)   Writing objects:  57% (36/63)   Writing objects:  58% (37/63)   Writing objects:  60% (38/63)   Writing objects:  61% (39/63)   Writing objects:  63% (40/63)   Writing objects:  65% (41/63)   Writing objects:  66% (42/63)   Writing objects:  68% (43/63)   Writing objects:  69% (44/63)   Writing objects:  71% (45/63)   Writing objects:  73% (46/63)   Writing objects:  74% (47/63)   Writing objects:  76% (48/63)   Writing objects:  77% (49/63)   Writing objects:  79% (50/63)   Writing objects:  80% (51/63)   Writing objects:  82% (52/63)   Writing objects:  84% (53/63)   Writing objects:  85% (54/63)   Writing objects:  87% (55/63)   Writing objects:  88% (56/63)   Writing objects:  90% (57/63)   Writing objects:  92% (58/63)   Writing objects:  93% (59/63)   Writing objects:  95% (60/63)   Writing objects:  96% (61/63)   Writing objects:  98% (62/63)   Writing objects: 100% (63/63)   Writing objects: 100% (63/63), 707.71 KiB | 4.78 MiB/s, done.
Total 63 (delta 2), reused 0 (delta 0)
remote: Resolving deltas:   0% (0/2)   [Kremote: Resolving deltas:  50% (1/2)   [Kremote: Resolving deltas: 100% (2/2)   [Kremote: Resolving deltas: 100% (2/2), done.[K
To github.com:wolass/Elderly-paper.git
 * [new branch]      master -> master
m[Kgit status
On branch master
Changes not staged for commit:
  (use "git add/rm <file>..." to update what will be committed)
  (use "git checkout -- <file>..." to discard changes in working directory)

	[31mmodified:   .Rproj.user/5DABF851/console06/871B648[m
	[31mmodified:   .Rproj.user/5DABF851/console06/INDEX001[m
	[31mmodified:   .Rproj.user/5DABF851/sources/prop/INDEX[m
	[31mdeleted:    .Rproj.user/5DABF851/sources/s-6DD7FE34/7B3AEDE0[m
	[31mdeleted:    .Rproj.user/5DABF851/sources/s-6DD7FE34/7B3AEDE0-contents[m
	[31mdeleted:    .Rproj.user/5DABF851/sources/s-6DD7FE34/lock_file[m
	[31mmodified:   .Rproj.user/shared/notebooks/100D14DF-Project/1/s/chunks.json[m
	[31mmodified:   .Rproj.user/shared/notebooks/paths[m
	[31mmodified:   .gitignore[m
	[31mmodified:   Project.Rmd[m

Untracked files:
  (use "git add <file>..." to include in what will be committed)

	[31mProject_files/[m
	[31mREADME[m

no changes added to commit (use "git add" and/or "git commit -a")
]0;/home/wolass/Documents/elderly paper]0;wolass@wolass-XPS: ~/Documents/elderly paper[01;32mwolass@wolass-XPS[00m:[01;34m~/Documents/elderly paper[00m$ git add . 
]0;/home/wolass/Documents/elderly paper]0;wolass@wolass-XPS: ~/Documents/elderly paper[01;32mwolass@wolass-XPS[00m:[01;34m~/Documents/elderly paper[00m$ gi [Kt commit- [K[K -m ""3" "i"s"s"u"e"s" "d"o"n"e" " "[1P"3" "t"o" "g"o"
[master 9893a91] 3 issues done 3 to go
 20 files changed, 244 insertions(+), 45 deletions(-)
 rewrite .Rproj.user/5DABF851/console06/INDEX001 (86%)
 delete mode 100644 .Rproj.user/5DABF851/sources/s-6DD7FE34/7B3AEDE0
 delete mode 100644 .Rproj.user/5DABF851/sources/s-6DD7FE34/7B3AEDE0-contents
 delete mode 100644 .Rproj.user/5DABF851/sources/s-6DD7FE34/lock_file
 rewrite .Rproj.user/shared/notebooks/100D14DF-Project/1/s/chunks.json (100%)
 delete mode 100644 .Rproj.user/shared/notebooks/FB4D3291-REsearch outcomes in derm/1/190AF90D/chunks.json
 delete mode 100644 .Rproj.user/shared/notebooks/FB4D3291-REsearch outcomes in derm/1/s/chunks.json
 create mode 100644 Project_files/figure-docx/unnamed-chunk-37-1.png
 create mode 100644 Project_files/figure-docx/unnamed-chunk-37-2.png
 create mode 100644 Project_files/figure-docx/unnamed-chunk-38-1.png
 create mode 100644 Project_files/figure-docx/unnamed-chunk-39-1.png
 create mode 100644 Project_files/figure-docx/unnamed-chunk-40-1.png
 create mode 100644 Project_files/figure-docx/unnamed-chunk-41-1.png
 create mode 100644 README
]0;/home/wolass/Documents/elderly paper]0;wolass@wolass-XPS: ~/Documents/elderly paper[01;32mwolass@wolass-XPS[00m:[01;34m~/Documents/elderly paper[00m$ git commit -m "3 issues done 3 to go"
On branch master
Changes not staged for commit:
	[31mmodified:   .Rproj.user/5DABF851/console06/871B648[m

no changes added to commit
]0;/home/wolass/Documents/elderly paper]0;wolass@wolass-XPS: ~/Documents/elderly paper[01;32mwolass@wolass-XPS[00m:[01;34m~/Documents/elderly paper[00m$ git add -,[Km [K[K[K.
]0;/home/wolass/Documents/elderly paper]0;wolass@wolass-XPS: ~/Documents/elderly paper[01;32mwolass@wolass-XPS[00m:[01;34m~/Documents/elderly paper[00m$ git commit -m "hotfix"
[master 124a850] hotfix
 3 files changed, 96 insertions(+), 52 deletions(-)
 rewrite .Rproj.user/shared/notebooks/100D14DF-Project/1/s/chunks.json (79%)
]0;/home/wolass/Documents/elderly paper]0;wolass@wolass-XPS: ~/Documents/elderly paper[01;32mwolass@wolass-XPS[00m:[01;34m~/Documents/elderly paper[00m$ git status
On branch master
Changes not staged for commit:
  (use "git add/rm <file>..." to update what will be committed)
  (use "git checkout -- <file>..." to discard changes in working directory)

	[31mmodified:   .Rproj.user/5DABF851/console06/871B648[m
	[31mmodified:   .Rproj.user/5DABF851/sources/prop/INDEX[m
	[31mmodified:   .Rproj.user/shared/notebooks/100D14DF-Project/1/s/chunks.json[m
	[31mmodified:   .Rproj.user/shared/notebooks/paths[m
	[31mmodified:   Project.Rmd[m
	[31mmodified:   Project.docx[m
	[31mmodified:   Project.html[m
	[31mdeleted:    Project_files/figure-docx/unnamed-chunk-37-1.png[m
	[31mdeleted:    Project_files/figure-docx/unnamed-chunk-37-2.png[m
	[31mdeleted:    Project_files/figure-docx/unnamed-chunk-38-1.png[m
	[31mdeleted:    Project_files/figure-docx/unnamed-chunk-39-1.png[m
	[31mdeleted:    Project_files/figure-docx/unnamed-chunk-40-1.png[m
	[31mdeleted:    Project_files/figure-docx/unnamed-chunk-41-1.png[m

Untracked files:
  (use "git add <file>..." to include in what will be committed)

	[31mdata4.R[m

no changes added to commit (use "git add" and/or "git commit -a")
]0;/home/wolass/Documents/elderly paper]0;wolass@wolass-XPS: ~/Documents/elderly paper[01;32mwolass@wolass-XPS[00m:[01;34m~/Documents/elderly paper[00m$ git add .
]0;/home/wolass/Documents/elderly paper]0;wolass@wolass-XPS: ~/Documents/elderly paper[01;32mwolass@wolass-XPS[00m:[01;34m~/Documents/elderly paper[00m$ git status
On branch master
Changes to be committed:
  (use "git reset HEAD <file>..." to unstage)

	[32mmodified:   .Rproj.user/5DABF851/console06/871B648[m
	[32mmodified:   .Rproj.user/5DABF851/sources/prop/INDEX[m
	[32mmodified:   .Rproj.user/shared/notebooks/100D14DF-Project/1/s/chunks.json[m
	[32mmodified:   .Rproj.user/shared/notebooks/paths[m
	[32mmodified:   Project.Rmd[m
	[32mmodified:   Project.docx[m
	[32mmodified:   Project.html[m
	[32mdeleted:    Project_files/figure-docx/unnamed-chunk-37-1.png[m
	[32mdeleted:    Project_files/figure-docx/unnamed-chunk-37-2.png[m
	[32mdeleted:    Project_files/figure-docx/unnamed-chunk-38-1.png[m
	[32mdeleted:    Project_files/figure-docx/unnamed-chunk-39-1.png[m
	[32mdeleted:    Project_files/figure-docx/unnamed-chunk-40-1.png[m
	[32mdeleted:    Project_files/figure-docx/unnamed-chunk-41-1.png[m
	[32mnew file:   data4.R[m

Changes not staged for commit:
  (use "git add <file>..." to update what will be committed)
  (use "git checkout -- <file>..." to discard changes in working directory)

	[31mmodified:   .Rproj.user/5DABF851/console06/871B648[m

]0;/home/wolass/Documents/elderly paper]0;wolass@wolass-XPS: ~/Documents/elderly paper[01;32mwolass@wolass-XPS[00m:[01;34m~/Documents/elderly paper[00m$ git pu[K[Kcommit -m" [K[K ""d"a"t"a"[1P"[1P"[1P"[1P"a"n"o"t"h"e"r" "3" "i"s"s"u"e"s" "f"o"r" "S"a"b"i"n"e" "+" "r"e"n"d"e"r"s" "d"o"n"e"
[master f15d51d] another 3 issues for Sabine + renders done
 14 files changed, 501 insertions(+), 259 deletions(-)
 rewrite .Rproj.user/shared/notebooks/100D14DF-Project/1/s/chunks.json (94%)
 rewrite Project.docx (94%)
 delete mode 100644 Project_files/figure-docx/unnamed-chunk-37-1.png
 delete mode 100644 Project_files/figure-docx/unnamed-chunk-37-2.png
 delete mode 100644 Project_files/figure-docx/unnamed-chunk-38-1.png
 delete mode 100644 Project_files/figure-docx/unnamed-chunk-39-1.png
 delete mode 100644 Project_files/figure-docx/unnamed-chunk-40-1.png
 delete mode 100644 Project_files/figure-docx/unnamed-chunk-41-1.png
 create mode 100644 data4.R
]0;/home/wolass/Documents/elderly paper]0;wolass@wolass-XPS: ~/Documents/elderly paper[01;32mwolass@wolass-XPS[00m:[01;34m~/Documents/elderly paper[00m$ git push origin master
Counting objects: 62, done.
Delta compression using up to 4 threads.
Compressing objects:   2% (1/50)   Compressing objects:   4% (2/50)   Compressing objects:   6% (3/50)   Compressing objects:   8% (4/50)   Compressing objects:  10% (5/50)   Compressing objects:  12% (6/50)   Compressing objects:  14% (7/50)   Compressing objects:  16% (8/50)   Compressing objects:  18% (9/50)   Compressing objects:  20% (10/50)   Compressing objects:  22% (11/50)   Compressing objects:  24% (12/50)   Compressing objects:  26% (13/50)   Compressing objects:  28% (14/50)   Compressing objects:  30% (15/50)   Compressing objects:  32% (16/50)   Compressing objects:  34% (17/50)   Compressing objects:  36% (18/50)   Compressing objects:  38% (19/50)   Compressing objects:  40% (20/50)   Compressing objects:  42% (21/50)   Compressing objects:  44% (22/50)   Compressing objects:  46% (23/50)   Compressing objects:  48% (24/50)   Compressing objects:  50% (25/50)   Compressing objects:  52% (26/50)   Compressing objects:  54% (27/50)   Compressing objects:  56% (28/50)   Compressing objects:  58% (29/50)   Compressing objects:  60% (30/50)   Compressing objects:  62% (31/50)   Compressing objects:  64% (32/50)   Compressing objects:  66% (33/50)   Compressing objects:  68% (34/50)   Compressing objects:  70% (35/50)   Compressing objects:  72% (36/50)   Compressing objects:  74% (37/50)   Compressing objects:  76% (38/50)   Compressing objects:  78% (39/50)   Compressing objects:  80% (40/50)   Compressing objects:  82% (41/50)   Compressing objects:  84% (42/50)   Compressing objects:  86% (43/50)   Compressing objects:  88% (44/50)   Compressing objects:  90% (45/50)   Compressing objects:  92% (46/50)   Compressing objects:  94% (47/50)   Compressing objects:  96% (48/50)   Compressing objects:  98% (49/50)   Compressing objects: 100% (50/50)   Compressing objects: 100% (50/50), done.
Writing objects:   1% (1/62)   Writing objects:   3% (2/62)   Writing objects:   4% (3/62)   Writing objects:   8% (5/62)   Writing objects:   9% (6/62)   Writing objects:  11% (7/62)   Writing objects:  12% (8/62)   Writing objects:  14% (9/62)   Writing objects:  16% (10/62)   Writing objects:  17% (11/62)   Writing objects:  19% (12/62)   Writing objects:  20% (13/62)   Writing objects:  22% (14/62)   Writing objects:  24% (15/62)   Writing objects:  25% (16/62)   Writing objects:  27% (17/62)   Writing objects:  29% (18/62)   Writing objects:  30% (19/62)   Writing objects:  32% (20/62)   Writing objects:  33% (21/62)   Writing objects:  35% (22/62)   Writing objects:  37% (23/62)   Writing objects:  38% (24/62)   Writing objects:  40% (25/62)   Writing objects:  41% (26/62)   Writing objects:  43% (27/62), 1.30 MiB | 1.42 MiB/s   Writing objects:  45% (28/62), 1.30 MiB | 1.42 MiB/s   Writing objects:  46% (29/62), 1.30 MiB | 1.42 MiB/s   Writing objects:  48% (30/62), 1.30 MiB | 1.42 MiB/s   Writing objects:  50% (31/62), 1.30 MiB | 1.42 MiB/s   Writing objects:  51% (32/62), 1.30 MiB | 1.42 MiB/s   Writing objects:  53% (33/62), 1.30 MiB | 1.42 MiB/s   Writing objects:  54% (34/62), 1.30 MiB | 1.42 MiB/s   Writing objects:  56% (35/62), 1.30 MiB | 1.42 MiB/s   Writing objects:  58% (36/62), 1.30 MiB | 1.42 MiB/s   Writing objects:  59% (37/62), 1.30 MiB | 1.42 MiB/s   Writing objects:  61% (38/62), 1.30 MiB | 1.42 MiB/s   Writing objects:  62% (39/62), 1.30 MiB | 1.42 MiB/s   Writing objects:  66% (41/62), 1.30 MiB | 1.42 MiB/s   Writing objects:  67% (42/62), 1.30 MiB | 1.42 MiB/s   Writing objects:  70% (44/62), 1.30 MiB | 1.42 MiB/s   Writing objects:  72% (45/62), 1.30 MiB | 1.42 MiB/s   Writing objects:  74% (46/62), 1.30 MiB | 1.42 MiB/s   Writing objects:  75% (47/62), 1.30 MiB | 1.42 MiB/s   Writing objects:  77% (48/62), 1.30 MiB | 1.42 MiB/s   Writing objects:  77% (48/62), 1.92 MiB | 1.30 MiB/s   Writing objects:  79% (49/62), 1.92 MiB | 1.30 MiB/s   Writing objects:  80% (50/62), 1.92 MiB | 1.30 MiB/s   Writing objects:  82% (51/62), 1.92 MiB | 1.30 MiB/s   Writing objects:  83% (52/62), 1.92 MiB | 1.30 MiB/s   Writing objects:  85% (53/62), 1.92 MiB | 1.30 MiB/s   Writing objects:  87% (54/62), 1.92 MiB | 1.30 MiB/s   Writing objects:  88% (55/62), 1.92 MiB | 1.30 MiB/s   Writing objects:  90% (56/62), 1.92 MiB | 1.30 MiB/s   Writing objects:  91% (57/62), 1.92 MiB | 1.30 MiB/s   Writing objects:  93% (58/62), 1.92 MiB | 1.30 MiB/s   Writing objects:  95% (59/62), 1.92 MiB | 1.30 MiB/s   Writing objects:  96% (60/62), 1.92 MiB | 1.30 MiB/s   Writing objects:  98% (61/62), 1.92 MiB | 1.30 MiB/s   Writing objects: 100% (62/62), 1.92 MiB | 1.30 MiB/s   Writing objects: 100% (62/62), 2.01 MiB | 1.35 MiB/s, done.
Total 62 (delta 19), reused 0 (delta 0)
remote: Resolving deltas:   0% (0/19)   [Kremote: Resolving deltas:  10% (2/19)   [Kremote: Resolving deltas:  15% (3/19)   [Kremote: Resolving deltas:  26% (5/19)   [Kremote: Resolving deltas:  42% (8/19)   [Kremote: Resolving deltas:  47% (9/19)   [Kremote: Resolving deltas:  52% (10/19)   [Kremote: Resolving deltas:  68% (13/19)   [Kremote: Resolving deltas:  78% (15/19)   [Kremote: Resolving deltas:  94% (18/19)   [Kremote: Resolving deltas: 100% (19/19)   [Kremote: Resolving deltas: 100% (19/19), completed with 7 local objects.[K
To github.com:wolass/Elderly-paper.git
   6febbc4..f15d51d  master -> master
]0;/home/wolass/Documents/elderly paper]0;wolass@wolass-XPS: ~/Documents/elderly paper[01;32mwolass@wolass-XPS[00m:[01;34m~/Documents/elderly paper[00m$ git status
On branch master
Changes not staged for commit:
  (use "git add <file>..." to update what will be committed)
  (use "git checkout -- <file>..." to discard changes in working directory)

	[31mmodified:   .Rproj.user/5DABF851/console06/871B648[m

no changes added to commit (use "git add" and/or "git commit -a")
git status
On branch master
Changes not staged for commit:
  (use "git add <file>..." to update what will be committed)
  (use "git checkout -- <file>..." to discard changes in working directory)

	[31mmodified:   .Rproj.user/5DABF851/console06/871B648[m
	[31mmodified:   .Rproj.user/5DABF851/console06/INDEX001[m

no changes added to commit (use "git add" and/or "git commit -a")
]0;/home/wolass/Documents/elderly paper]0;wolass@wolass-XPS: ~/Documents/elderly paper[01;32mwolass@wolass-XPS[00m:[01;34m~/Documents/elderly paper[00m$ git status
On branch master
Changes not staged for commit:
  (use "git add <file>..." to update what will be committed)
  (use "git checkout -- <file>..." to discard changes in working directory)

	[31mmodified:   .Rproj.user/5DABF851/console06/871B648[m
	[31mmodified:   .Rproj.user/5DABF851/console06/871B648.env[m
	[31mmodified:   .Rproj.user/5DABF851/console06/INDEX001[m
	[31mmodified:   .Rproj.user/shared/notebooks/100D14DF-Project/1/s/chunks.json[m
	[31mmodified:   Project.Rmd[m
	[31mmodified:   Project.docx[m

no changes added to commit (use "git add" and/or "git commit -a")
]0;/home/wolass/Documents/elderly paper]0;wolass@wolass-XPS: ~/Documents/elderly paper[01;32mwolass@wolass-XPS[00m:[01;34m~/Documents/elderly paper[00m$ gir add .

Command 'gir' not found, did you mean:

  command 'dir' from deb coreutils
  command 'git' from deb git
  command 'gip' from deb gip
  command 'gid' from deb id-utils
  command 'gri' from deb gri
  command 'gio' from deb libglib2.0-bin
  command 'gpr' from deb gpr

Try: sudo apt install <deb name>

]0;/home/wolass/Documents/elderly paper]0;wolass@wolass-XPS: ~/Documents/elderly paper[01;32mwolass@wolass-XPS[00m:[01;34m~/Documents/elderly paper[00m$ gir push origi[K[K[K[K[K[K[K[K[K[K[K[Kt commit -m "" [1@S[1@a[1@b[1@i[1@n[1@e[1@ [1@c[1@o[1@r[1@r[1@e[1@c[1@t[1@i[1@o[1@n[1@ [1@i[1@s[1@s[1@u[1@e[1@s[1@ [1P[1@ [1@E[1@l[1@d[1@e[1@r[1@l[1@y[1@y[1P[1@ [1@m[1@a[1@i[1@l[1@ [1@3[1@ 
On branch master
Changes not staged for commit:
	[31mmodified:   .Rproj.user/5DABF851/console06/871B648[m
	[31mmodified:   .Rproj.user/5DABF851/console06/871B648.env[m
	[31mmodified:   .Rproj.user/5DABF851/console06/INDEX001[m
	[31mmodified:   .Rproj.user/shared/notebooks/100D14DF-Project/1/s/chunks.json[m
	[31mmodified:   Project.Rmd[m
	[31mmodified:   Project.docx[m

no changes added to commit
]0;/home/wolass/Documents/elderly paper]0;wolass@wolass-XPS: ~/Documents/elderly paper[01;32mwolass@wolass-XPS[00m:[01;34m~/Documents/elderly paper[00m$ gir p[K[K[Kt push origin master
Everything up-to-date
]0;/home/wolass/Documents/elderly paper]0;wolass@wolass-XPS: ~/Documents/elderly paper[01;32mwolass@wolass-XPS[00m:[01;34m~/Documents/elderly paper[00m$ git status
On branch master
Changes not staged for commit:
  (use "git add <file>..." to update what will be committed)
  (use "git checkout -- <file>..." to discard changes in working directory)

	[31mmodified:   .Rproj.user/5DABF851/console06/871B648[m
	[31mmodified:   .Rproj.user/5DABF851/console06/871B648.env[m
	[31mmodified:   .Rproj.user/5DABF851/console06/INDEX001[m
	[31mmodified:   .Rproj.user/shared/notebooks/100D14DF-Project/1/s/chunks.json[m
	[31mmodified:   Project.Rmd[m
	[31mmodified:   Project.docx[m

no changes added to commit (use "git add" and/or "git commit -a")
]0;/home/wolass/Documents/elderly paper]0;wolass@wolass-XPS: ~/Documents/elderly paper[01;32mwolass@wolass-XPS[00m:[01;34m~/Documents/elderly paper[00m$ git add .
]0;/home/wolass/Documents/elderly paper]0;wolass@wolass-XPS: ~/Documents/elderly paper[01;32mwolass@wolass-XPS[00m:[01;34m~/Documents/elderly paper[00m$ git commiadd .statuspush origin mastercommit -m "Sabine correction issues Elderly mail 3 " 
[master 9540168] Sabine correction issues Elderly mail 3
 6 files changed, 162 insertions(+), 21 deletions(-)
 rewrite .Rproj.user/5DABF851/console06/INDEX001 (100%)
 rewrite .Rproj.user/shared/notebooks/100D14DF-Project/1/s/chunks.json (88%)
 rewrite Project.docx (93%)
]0;/home/wolass/Documents/elderly paper]0;wolass@wolass-XPS: ~/Documents/elderly paper[01;32mwolass@wolass-XPS[00m:[01;34m~/Documents/elderly paper[00m$ git commit -m "Sabine correction issues Elderly mail 3 " [C[C[C[C[C[C[C[C[C[C[C[C[C[C[C[C[C[C[C[C[C[C[C[C[C[C[C[C[C[C[C[C[C[C[C[C[C[C[C[C[C[C[C[C[C[C[C[C[Cadd .[Kstatuspush origin master
Counting objects: 16, done.
Delta compression using up to 4 threads.
Compressing objects:   7% (1/13)   Compressing objects:  15% (2/13)   Compressing objects:  23% (3/13)   Compressing objects:  30% (4/13)   Compressing objects:  38% (5/13)   Compressing objects:  46% (6/13)   Compressing objects:  53% (7/13)   Compressing objects:  61% (8/13)   Compressing objects:  69% (9/13)   Compressing objects:  76% (10/13)   Compressing objects:  84% (11/13)   Compressing objects:  92% (12/13)   Compressing objects: 100% (13/13)   Compressing objects: 100% (13/13), done.
Writing objects:   6% (1/16)   Writing objects:  12% (2/16)   Writing objects:  18% (3/16)   Writing objects:  25% (4/16)   Writing objects:  31% (5/16)   Writing objects:  37% (6/16)   Writing objects:  43% (7/16)   Writing objects:  50% (8/16)   Writing objects:  56% (9/16)   Writing objects:  62% (10/16)   Writing objects:  68% (11/16)   Writing objects:  75% (12/16)   Writing objects:  81% (13/16)   Writing objects:  87% (14/16)   Writing objects:  93% (15/16)   Writing objects: 100% (16/16)   Writing objects: 100% (16/16), 159.44 KiB | 1.90 MiB/s, done.
Total 16 (delta 7), reused 0 (delta 0)
remote: Resolving deltas:   0% (0/7)   [Kremote: Resolving deltas:  14% (1/7)   [Kremote: Resolving deltas:  28% (2/7)   [Kremote: Resolving deltas:  42% (3/7)   [Kremote: Resolving deltas:  57% (4/7)   [Kremote: Resolving deltas:  71% (5/7)   [Kremote: Resolving deltas:  85% (6/7)   [Kremote: Resolving deltas: 100% (7/7)   [Kremote: Resolving deltas: 100% (7/7), completed with 7 local objects.[K
To github.com:wolass/Elderly-paper.git
   f15d51d..9540168  master -> master
tables in the [K[K[K[K[K[K[K[K[K[K[K[K[K[Kgit add .
]0;/home/wolass/Documents/elderly paper]0;wolass@wolass-XPS: ~/Documents/elderly paper[01;32mwolass@wolass-XPS[00m:[01;34m~/Documents/elderly paper[00m$ git p[Kcommitt[K -m ""T"a"b"l"e"s" "t"r"[1P"[1P"p" "v"a"l"s"
[master 5f60bfa] Tables p vals
 7 files changed, 74 insertions(+), 33 deletions(-)
 rewrite .Rproj.user/5DABF851/console06/INDEX001 (86%)
 rewrite .Rproj.user/shared/notebooks/100D14DF-Project/1/s/chunks.json (65%)
 rewrite Project.docx (73%)
 create mode 100644 TAB3.csv
 create mode 100644 tab4.csv
]0;/home/wolass/Documents/elderly paper]0;wolass@wolass-XPS: ~/Documents/elderly paper[01;32mwolass@wolass-XPS[00m:[01;34m~/Documents/elderly paper[00m$ git push og[Krigin master
Counting objects: 17, done.
Delta compression using up to 4 threads.
Compressing objects:   7% (1/14)   Compressing objects:  14% (2/14)   Compressing objects:  21% (3/14)   Compressing objects:  28% (4/14)   Compressing objects:  35% (5/14)   Compressing objects:  42% (6/14)   Compressing objects:  50% (7/14)   Compressing objects:  57% (8/14)   Compressing objects:  64% (9/14)   Compressing objects:  71% (10/14)   Compressing objects:  78% (11/14)   Compressing objects:  85% (12/14)   Compressing objects:  92% (13/14)   Compressing objects: 100% (14/14)   Compressing objects: 100% (14/14), done.
Writing objects:   5% (1/17)   Writing objects:  11% (2/17)   Writing objects:  17% (3/17)   Writing objects:  23% (4/17)   Writing objects:  29% (5/17)   Writing objects:  35% (6/17)   Writing objects:  41% (7/17)   Writing objects:  47% (8/17)   Writing objects:  52% (9/17)   Writing objects:  58% (10/17)   Writing objects:  64% (11/17)   Writing objects:  70% (12/17)   Writing objects:  76% (13/17)   Writing objects:  82% (14/17)   Writing objects:  88% (15/17)   Writing objects:  94% (16/17)   Writing objects: 100% (17/17)   Writing objects: 100% (17/17), 158.04 KiB | 2.05 MiB/s, done.
Total 17 (delta 6), reused 0 (delta 0)
remote: Resolving deltas:   0% (0/6)   [Kremote: Resolving deltas:  16% (1/6)   [Kremote: Resolving deltas:  33% (2/6)   [Kremote: Resolving deltas:  50% (3/6)   [Kremote: Resolving deltas:  66% (4/6)   [Kremote: Resolving deltas:  83% (5/6)   [Kremote: Resolving deltas: 100% (6/6)   [Kremote: Resolving deltas: 100% (6/6), completed with 6 local objects.[K
To github.com:wolass/Elderly-paper.git
   9540168..5f60bfa  master -> master
]0;/home/wolass/Documents/elderly paper]0;wolass@wolass-XPS: ~/Documents/elderly paper[01;32mwolass@wolass-XPS[00m:[01;34m~/Documents/elderly paper[00m$ git status
On branch master
Changes not staged for commit:
  (use "git add <file>..." to update what will be committed)
  (use "git checkout -- <file>..." to discard changes in working directory)

	[31mmodified:   .Rproj.user/5DABF851/console06/871B648[m
	[31mmodified:   .Rproj.user/5DABF851/console06/871B648.env[m
	[31mmodified:   .Rproj.user/shared/notebooks/100D14DF-Project/1/s/chunks.json[m
	[31mmodified:   Project.Rmd[m

no changes added to commit (use "git add" and/or "git commit -a")
]0;/home/wolass/Documents/elderly paper]0;wolass@wolass-XPS: ~/Documents/elderly paper[01;32mwolass@wolass-XPS[00m:[01;34m~/Documents/elderly paper[00m$ git add .
]0;/home/wolass/Documents/elderly paper]0;wolass@wolass-XPS: ~/Documents/elderly paper[01;32mwolass@wolass-XPS[00m:[01;34m~/Documents/elderly paper[00m$ git commit -m "hotfix"
[master 6e5c73c] hotfix
 4 files changed, 124 insertions(+), 6 deletions(-)
 rewrite .Rproj.user/shared/notebooks/100D14DF-Project/1/s/chunks.json (83%)
]0;/home/wolass/Documents/elderly paper]0;wolass@wolass-XPS: ~/Documents/elderly paper[01;32mwolass@wolass-XPS[00m:[01;34m~/Documents/elderly paper[00m$ git push oroi[K[Ki[Kigin master
Counting objects: 14, done.
Delta compression using up to 4 threads.
Compressing objects:   9% (1/11)   Compressing objects:  18% (2/11)   Compressing objects:  27% (3/11)   Compressing objects:  36% (4/11)   Compressing objects:  45% (5/11)   Compressing objects:  54% (6/11)   Compressing objects:  63% (7/11)   Compressing objects:  72% (8/11)   Compressing objects:  81% (9/11)   Compressing objects:  90% (10/11)   Compressing objects: 100% (11/11)   Compressing objects: 100% (11/11), done.
Writing objects:   7% (1/14)   Writing objects:  14% (2/14)   Writing objects:  21% (3/14)   Writing objects:  28% (4/14)   Writing objects:  35% (5/14)   Writing objects:  42% (6/14)   Writing objects:  50% (7/14)   Writing objects:  57% (8/14)   Writing objects:  64% (9/14)   Writing objects:  71% (10/14)   Writing objects:  78% (11/14)   Writing objects:  85% (12/14)   Writing objects:  92% (13/14)   Writing objects: 100% (14/14)   Writing objects: 100% (14/14), 3.08 KiB | 630.00 KiB/s, done.
Total 14 (delta 6), reused 0 (delta 0)
remote: Resolving deltas:   0% (0/6)   [Kremote: Resolving deltas:  16% (1/6)   [Kremote: Resolving deltas:  33% (2/6)   [Kremote: Resolving deltas:  50% (3/6)   [Kremote: Resolving deltas:  66% (4/6)   [Kremote: Resolving deltas:  83% (5/6)   [Kremote: Resolving deltas: 100% (6/6)   [Kremote: Resolving deltas: 100% (6/6), completed with 6 local objects.[K
To github.com:wolass/Elderly-paper.git
   5f60bfa..6e5c73c  master -> master
]0;/home/wolass/Documents/elderly paper]0;wolass@wolass-XPS: ~/Documents/elderly paper[01;32mwolass@wolass-XPS[00m:[01;34m~/Documents/elderly paper[00m$ git [K[K[K[K